../Core/Src/main.c:130:6:HAL_TIM_IC_CaptureCallback	32	static
../Core/Src/main.c:166:6:printf_ENTER	8	static
../Core/Src/main.c:184:7:as5047p_spi_send	16	static
../Core/Src/main.c:181:5:main	176	static
../Core/Src/main.c:189:11:as5047p_spi_read	24	static
../Core/Src/main.c:196:7:as5047p_spi_select	16	static
../Core/Src/main.c:201:7:as5047p_spi_deselect	16	static
../Core/Src/main.c:207:7:as5047p_delay	16	static
../Core/Src/main.c:346:6:SystemClock_Config	72	static
../Core/Src/main.c:386:13:MX_SPI1_Init	8	static
../Core/Src/main.c:424:13:MX_TIM1_Init	96	static
../Core/Src/main.c:511:13:MX_TIM2_Init	48	static
../Core/Src/main.c:573:13:MX_TIM3_Init	56	static
../Core/Src/main.c:622:13:MX_TIM4_Init	56	static
../Core/Src/main.c:671:13:MX_USART2_UART_Init	8	static
../Core/Src/main.c:704:13:MX_GPIO_Init	40	static
../Core/Src/main.c:732:1:__io_putchar	16	static
../Core/Src/main.c:743:6:Error_Handler	4	static,ignoring_inline_asm
