../Core/Src/main.c:132:6:HAL_TIM_IC_CaptureCallback	32	static
../Core/Src/main.c:168:6:printf_ENTER	8	static
../Core/Src/main.c:187:7:as5047p_spi_send	16	static
../Core/Src/main.c:183:5:main	176	static
../Core/Src/main.c:192:11:as5047p_spi_read	24	static
../Core/Src/main.c:199:7:as5047p_spi_select	16	static
../Core/Src/main.c:204:7:as5047p_spi_deselect	16	static
../Core/Src/main.c:210:7:as5047p_delay	16	static
../Core/Src/main.c:566:6:SystemClock_Config	72	static
../Core/Src/main.c:606:13:MX_SPI1_Init	8	static
../Core/Src/main.c:644:13:MX_TIM1_Init	96	static
../Core/Src/main.c:731:13:MX_TIM2_Init	64	static
../Core/Src/main.c:794:13:MX_TIM3_Init	56	static
../Core/Src/main.c:843:13:MX_TIM4_Init	56	static
../Core/Src/main.c:892:13:MX_USART2_UART_Init	8	static
../Core/Src/main.c:925:13:MX_GPIO_Init	40	static
../Core/Src/main.c:953:1:__io_putchar	16	static
../Core/Src/main.c:964:6:Error_Handler	4	static,ignoring_inline_asm
